2025-01-07 10:15:32 INFO: NFQ service started successfully
2025-01-07 10:15:33 INFO: Listening on queue 0
2025-01-07 10:15:35 INFO: Processing packet from 192.168.1.100:443 to 8.8.8.8:53
2025-01-07 10:15:36 WARNING: High traffic detected from 192.168.1.100
2025-01-07 10:15:37 INFO: Packet allowed - DNS query
2025-01-07 10:15:40 ERROR: Failed to parse packet header
2025-01-07 10:15:42 INFO: Packet blocked - blacklisted IP 192.168.1.200
2025-01-07 10:15:45 INFO: Statistics: processed=1247, allowed=1200, blocked=47
2025-08-07 17:57:36 INFO: New test log entry - система работает нормально
2025-08-07 17:58:02 INFO: New test log entry - система работает нормально
